#./src/main/resources/Entities.map
#Thu Nov 15 20:46:25 CET 2018
handyWorkerUserAccount1=161
admin2Spambox=195
customerUserAccount2=160
handyWorker1Inbox=196
customerUserAccount1=159
tutorial1=224
adminUserAccount2=168
adminUserAccount1=167
finder1=223
customer2Spambox=187
admin1Trashbox=190
referee1Trashbox=206
handyWorker1Spambox=199
handyWorker2Inbox=200
law2=235
law1=234
customer2Trashbox=186
referee2=175
referee1=174
referee2Spambox=211
sponsor2Trashbox=218
sponsorUserAccount2=166
sponsorUserAccount1=165
referee2Outbox=209
task1Phase2=228
task1Phase1=227
section2=226
section1=225
handyWorker2Trashbox=202
warranty1=233
referee1Outbox=205
sponsor2Spambox=219
handyWorker1Curriculum=222
admin1Spambox=191
siteConfiguration=169
admin2Outbox=193
referee1Inbox=204
customer2=171
customer1=170
handyWorker2Spambox=203
admin2Trashbox=194
referee2Trashbox=210
handyWorker1Outbox=197
sponsor2Outbox=217
refereeUserAccount2=164
refereeUserAccount1=163
admin1Inbox=188
admin2=179
admin1=178
customer1Spambox=183
admin1Outbox=189
customer1Trashbox=182
sponsor1Inbox=212
referee2Inbox=208
category2=232
category1=231
category0=230
sponsor1Trashbox=214
creditCardMake1=229
sponsor1Outbox=213
referee1Spambox=207
customer1Inbox=180
chandyWorker2Outbox=201
admin2Inbox=192
handyWorker2=173
handyWorker1=172
customer2Outbox=185
sponsor2Inbox=216
fixUpTask1=236
handyWorker1SocialProfile2=221
handyWorker1SocialProfile1=220
userAccount3=158
userAccount2=157
userAccount1=156
customer2Inbox=184
sponsor2=177
handyWorker1Trashbox=198
sponsor1Spambox=215
sponsor1=176
customer1Outbox=181
handyWorkerUserAccount2=162
